[1215/203333.558:ERROR:os_crypt_win.cc(93)] Failed to decrypt: Key not valid for use in specified state. (0x8009000B)
[1215/203343.077:WARNING:backend_impl.cc(1616)] Messed up entry found.
[1215/203343.077:ERROR:backend_impl.cc(1041)] Critical error found -8
[1215/203343.409:WARNING:storage_block-inl.h(146)] Failed data load.
[1215/203343.412:WARNING:storage_block-inl.h(146)] Failed data load.
[1215/203343.426:WARNING:storage_block-inl.h(146)] Failed data load.
[1215/203343.427:WARNING:storage_block-inl.h(146)] Failed data load.
[1215/203343.427:ERROR:entry_impl.cc(998)] Failed to save user data
[1215/203343.427:ERROR:entry_impl.cc(998)] Failed to save user data
[1215/203347.271:WARNING:value_store_frontend.cc(45)] Reading mhjfbmdgcfjbbpaeojofohoefgiehjai.alarms from  failed: IO error: .../MANIFEST-000001: Unable to create sequential file (ChromeMethodBFE: 7::NewSequentialFile::1)
[1215/203354.644:WARNING:spdy_session.cc(3431)] Received HEADERS for invalid stream 43
[1215/203354.645:WARNING:spdy_session.cc(3431)] Received HEADERS for invalid stream 47
[1215/203354.724:WARNING:spdy_session.cc(3431)] Received HEADERS for invalid stream 13
[1215/203354.859:WARNING:spdy_session.cc(3431)] Received HEADERS for invalid stream 49
[1215/203354.859:WARNING:spdy_session.cc(3431)] Received HEADERS for invalid stream 55
[1215/203354.859:WARNING:spdy_session.cc(3431)] Received HEADERS for invalid stream 57
[1215/203354.859:WARNING:spdy_session.cc(3431)] Received HEADERS for invalid stream 59
[1215/203354.859:WARNING:spdy_session.cc(3431)] Received HEADERS for invalid stream 53
[1215/203354.951:WARNING:spdy_session.cc(3431)] Received HEADERS for invalid stream 45
[1215/203354.952:WARNING:spdy_session.cc(3431)] Received HEADERS for invalid stream 51
[1215/203355.298:WARNING:spdy_session.cc(3431)] Received HEADERS for invalid stream 63
[1215/203355.298:WARNING:spdy_session.cc(3431)] Received HEADERS for invalid stream 65
[1215/203355.298:WARNING:spdy_session.cc(3431)] Received HEADERS for invalid stream 71
[1215/203355.298:WARNING:spdy_session.cc(3431)] Received HEADERS for invalid stream 61
[1215/203355.298:WARNING:spdy_session.cc(3431)] Received HEADERS for invalid stream 69
[1215/203355.298:WARNING:spdy_session.cc(3431)] Received HEADERS for invalid stream 67
[1215/203355.298:WARNING:spdy_session.cc(3431)] Received HEADERS for invalid stream 73
[1215/203355.518:WARNING:spdy_session.cc(3431)] Received HEADERS for invalid stream 75
[1215/203355.518:WARNING:spdy_session.cc(3431)] Received HEADERS for invalid stream 77
[1215/203355.518:WARNING:spdy_session.cc(3431)] Received HEADERS for invalid stream 79
[1215/203355.518:WARNING:spdy_session.cc(3431)] Received HEADERS for invalid stream 85
[1215/203355.518:WARNING:spdy_session.cc(3431)] Received HEADERS for invalid stream 87
[1215/203355.518:WARNING:spdy_session.cc(3431)] Received HEADERS for invalid stream 91
[1215/203355.518:WARNING:spdy_session.cc(3431)] Received HEADERS for invalid stream 95
[1215/203355.518:WARNING:spdy_session.cc(3431)] Received HEADERS for invalid stream 83
[1215/203355.518:WARNING:spdy_session.cc(3431)] Received HEADERS for invalid stream 99
[1215/203355.518:WARNING:spdy_session.cc(3431)] Received HEADERS for invalid stream 93
[1215/203355.518:WARNING:spdy_session.cc(3431)] Received HEADERS for invalid stream 81
[1215/203355.518:WARNING:spdy_session.cc(3431)] Received HEADERS for invalid stream 89
[1215/203355.518:WARNING:spdy_session.cc(3431)] Received HEADERS for invalid stream 101
[1215/203355.518:WARNING:spdy_session.cc(3431)] Received HEADERS for invalid stream 97
[1215/203355.536:WARNING:spdy_session.cc(3431)] Received HEADERS for invalid stream 103
[1215/203355.536:WARNING:spdy_session.cc(3431)] Received HEADERS for invalid stream 107
[1215/203355.536:WARNING:spdy_session.cc(3431)] Received HEADERS for invalid stream 105
[1215/203355.536:WARNING:spdy_session.cc(3431)] Received HEADERS for invalid stream 109
[1215/203355.536:WARNING:spdy_session.cc(3431)] Received HEADERS for invalid stream 111
[1215/203355.536:WARNING:spdy_session.cc(3431)] Received HEADERS for invalid stream 113
[1215/203355.536:WARNING:spdy_session.cc(3431)] Received HEADERS for invalid stream 115
[1215/203355.536:WARNING:spdy_session.cc(3431)] Received HEADERS for invalid stream 117
[1215/203355.536:WARNING:spdy_session.cc(3431)] Received HEADERS for invalid stream 121
[1215/203355.536:WARNING:spdy_session.cc(3431)] Received HEADERS for invalid stream 123
[1215/203355.538:WARNING:spdy_session.cc(3431)] Received HEADERS for invalid stream 119
[1215/203534.433:ERROR:gpu_init.cc(426)] Passthrough is not supported, GL is disabled
